  Determining projects to restore...
  All projects are up-to-date for restore.
  Determining projects to restore...
  All projects are up-to-date for restore.
  WorkerExtensions -> C:\Dev\AlertHub\AlertHub.Api\obj\Debug\net10.0\WorkerExtensions\bin\Release\net8.0\Microsoft.Azure.Functions.Worker.Extensions.dll
  AlertHub.Api -> C:\Dev\AlertHub\AlertHub.Api\bin\Debug\net10.0\AlertHub.Api.dll
  AlertHub.Tests -> C:\Dev\AlertHub\AlertHub.Tests\bin\Debug\net10.0\AlertHub.Tests.dll
Test run for C:\Dev\AlertHub\AlertHub.Tests\bin\Debug\net10.0\AlertHub.Tests.dll (.NETCoreApp,Version=v10.0)
A total of 1 test files matched the specified pattern.
C:\Dev\AlertHub\AlertHub.Tests\bin\Debug\net10.0\AlertHub.Tests.dll
[xUnit.net 00:00:00.00] xUnit.net VSTest Adapter v3.1.4+50e68bbb8b (64-bit .NET 10.0.5)
[xUnit.net 00:00:00.16]   Discovering: AlertHub.Tests
[xUnit.net 00:00:00.23]   Discovered:  AlertHub.Tests
[xUnit.net 00:00:00.27]   Starting:    AlertHub.Tests
[xUnit.net 00:00:00.38]       System.ArgumentException : Can not create proxy for type Microsoft.Extensions.Logging.ILogger`1[[AlertHub.Api.Services.AlertCache, AlertHub.Api, Version=1.0.0.0, Culture=neutral, PublicKeyToken=null]] because type AlertHub.Api.Services.AlertCache is not accessible. Make it public, or internal and mark your assembly with [assembly: InternalsVisibleTo("DynamicProxyGenAssembly2, PublicKey=0024000004800000940000000602000000240000525341310004000001000100c547cac37abd99c8db225ef2f6c8a3602f3b3606cc9891605d02baa56104f4cfc0734aa39b93bf7852f7d9266654753cc297e7d2edfe0bac1cdcf9f717241550e0a7b191195b7667bb4f64bcb8e2121380fd1d9d46ad2d92d2d15605093924cceaf74c4861eff62abf69b9291ed0a340e113be11e6a7d3113e92484cf7045cc7")] attribute, because assembly Microsoft.Extensions.Logging.Abstractions is strong-named. (Parameter 'interfaceToProxy')
[xUnit.net 00:00:00.38]       Stack Trace:
[xUnit.net 00:00:00.38]            at Castle.DynamicProxy.DefaultProxyBuilder.AssertValidTypeForTarget(Type type, Type target, String paramName)
[xUnit.net 00:00:00.38]            at Castle.DynamicProxy.DefaultProxyBuilder.AssertValidTypeForTarget(Type type, Type target, String paramName)
[xUnit.net 00:00:00.38]            at Castle.DynamicProxy.DefaultProxyBuilder.AssertValidType(Type target, String paramName)
[xUnit.net 00:00:00.39]            at Castle.DynamicProxy.DefaultProxyBuilder.CreateInterfaceProxyTypeWithoutTarget(Type interfaceToProxy, Type[] additionalInterfacesToProxy, ProxyGenerationOptions options)
[xUnit.net 00:00:00.39]            at Castle.DynamicProxy.ProxyGenerator.CreateInterfaceProxyTypeWithoutTarget(Type interfaceToProxy, Type[] additionalInterfacesToProxy, ProxyGenerationOptions options)
[xUnit.net 00:00:00.39]            at Castle.DynamicProxy.ProxyGenerator.CreateInterfaceProxyWithoutTarget(Type interfaceToProxy, Type[] additionalInterfacesToProxy, ProxyGenerationOptions options, IInterceptor[] interceptors)
[xUnit.net 00:00:00.39]         /_/src/Moq/Interception/CastleProxyFactory.cs(50,0): at Moq.CastleProxyFactory.CreateProxy(Type mockType, IInterceptor interceptor, Type[] interfaces, Object[] arguments)
[xUnit.net 00:00:00.39]         /_/src/Moq/Mock`1.cs(309,0): at Moq.Mock`1.InitializeInstance()
[xUnit.net 00:00:00.39]         /_/src/Moq/Mock`1.cs(323,0): at Moq.Mock`1.OnGetObject()
[xUnit.net 00:00:00.39]         /_/src/Moq/Mock.cs(181,0): at Moq.Mock.get_Object()
[xUnit.net 00:00:00.39]         /_/src/Moq/Mock`1.cs(281,0): at Moq.Mock`1.get_Object()
[xUnit.net 00:00:00.39]         C:\Dev\AlertHub\AlertHub.Tests\Services\AlertCacheTests.cs(24,0): at AlertHub.Tests.Services.AlertCacheTests..ctor()
[xUnit.net 00:00:00.39]            at System.RuntimeType.CreateInstanceDefaultCtor(Boolean publicOnly, Boolean wrapExceptions)
[xUnit.net 00:00:00.41]       System.ArgumentException : Can not create proxy for type Microsoft.Extensions.Logging.ILogger`1[[AlertHub.Api.Services.AlertCache, AlertHub.Api, Version=1.0.0.0, Culture=neutral, PublicKeyToken=null]] because type AlertHub.Api.Services.AlertCache is not accessible. Make it public, or internal and mark your assembly with [assembly: InternalsVisibleTo("DynamicProxyGenAssembly2, PublicKey=0024000004800000940000000602000000240000525341310004000001000100c547cac37abd99c8db225ef2f6c8a3602f3b3606cc9891605d02baa56104f4cfc0734aa39b93bf7852f7d9266654753cc297e7d2edfe0bac1cdcf9f717241550e0a7b191195b7667bb4f64bcb8e2121380fd1d9d46ad2d92d2d15605093924cceaf74c4861eff62abf69b9291ed0a340e113be11e6a7d3113e92484cf7045cc7")] attribute, because assembly Microsoft.Extensions.Logging.Abstractions is strong-named. (Parameter 'interfaceToProxy')
[xUnit.net 00:00:00.41]       Stack Trace:
[xUnit.net 00:00:00.41]            at Castle.DynamicProxy.DefaultProxyBuilder.AssertValidTypeForTarget(Type type, Type target, String paramName)
[xUnit.net 00:00:00.41]            at Castle.DynamicProxy.DefaultProxyBuilder.AssertValidTypeForTarget(Type type, Type target, String paramName)
[xUnit.net 00:00:00.41]            at Castle.DynamicProxy.DefaultProxyBuilder.AssertValidType(Type target, String paramName)
[xUnit.net 00:00:00.41]            at Castle.DynamicProxy.DefaultProxyBuilder.CreateInterfaceProxyTypeWithoutTarget(Type interfaceToProxy, Type[] additionalInterfacesToProxy, ProxyGenerationOptions options)
[xUnit.net 00:00:00.41]            at Castle.DynamicProxy.ProxyGenerator.CreateInterfaceProxyTypeWithoutTarget(Type interfaceToProxy, Type[] additionalInterfacesToProxy, ProxyGenerationOptions options)
[xUnit.net 00:00:00.41]            at Castle.DynamicProxy.ProxyGenerator.CreateInterfaceProxyWithoutTarget(Type interfaceToProxy, Type[] additionalInterfacesToProxy, ProxyGenerationOptions options, IInterceptor[] interceptors)
[xUnit.net 00:00:00.41]         /_/src/Moq/Interception/CastleProxyFactory.cs(50,0): at Moq.CastleProxyFactory.CreateProxy(Type mockType, IInterceptor interceptor, Type[] interfaces, Object[] arguments)
[xUnit.net 00:00:00.41]         /_/src/Moq/Mock`1.cs(309,0): at Moq.Mock`1.InitializeInstance()
[xUnit.net 00:00:00.41]         /_/src/Moq/Mock`1.cs(323,0): at Moq.Mock`1.OnGetObject()
[xUnit.net 00:00:00.41]         /_/src/Moq/Mock.cs(181,0): at Moq.Mock.get_Object()
[xUnit.net 00:00:00.41]         /_/src/Moq/Mock`1.cs(281,0): at Moq.Mock`1.get_Object()
[xUnit.net 00:00:00.41]         C:\Dev\AlertHub\AlertHub.Tests\Services\AlertCacheTests.cs(24,0): at AlertHub.Tests.Services.AlertCacheTests..ctor()
[xUnit.net 00:00:00.41]            at System.RuntimeType.CreateInstanceDefaultCtor(Boolean publicOnly, Boolean wrapExceptions)
[xUnit.net 00:00:00.41]       System.ArgumentException : Can not create proxy for type Microsoft.Extensions.Logging.ILogger`1[[AlertHub.Api.Services.AlertCache, AlertHub.Api, Version=1.0.0.0, Culture=neutral, PublicKeyToken=null]] because type AlertHub.Api.Services.AlertCache is not accessible. Make it public, or internal and mark your assembly with [assembly: InternalsVisibleTo("DynamicProxyGenAssembly2, PublicKey=0024000004800000940000000602000000240000525341310004000001000100c547cac37abd99c8db225ef2f6c8a3602f3b3606cc9891605d02baa56104f4cfc0734aa39b93bf7852f7d9266654753cc297e7d2edfe0bac1cdcf9f717241550e0a7b191195b7667bb4f64bcb8e2121380fd1d9d46ad2d92d2d15605093924cceaf74c4861eff62abf69b9291ed0a340e113be11e6a7d3113e92484cf7045cc7")] attribute, because assembly Microsoft.Extensions.Logging.Abstractions is strong-named. (Parameter 'interfaceToProxy')
[xUnit.net 00:00:00.41]       Stack Trace:
[xUnit.net 00:00:00.41]            at Castle.DynamicProxy.DefaultProxyBuilder.AssertValidTypeForTarget(Type type, Type target, String paramName)
[xUnit.net 00:00:00.41]            at Castle.DynamicProxy.DefaultProxyBuilder.AssertValidTypeForTarget(Type type, Type target, String paramName)
[xUnit.net 00:00:00.41]            at Castle.DynamicProxy.DefaultProxyBuilder.AssertValidType(Type target, String paramName)
[xUnit.net 00:00:00.41]            at Castle.DynamicProxy.DefaultProxyBuilder.CreateInterfaceProxyTypeWithoutTarget(Type interfaceToProxy, Type[] additionalInterfacesToProxy, ProxyGenerationOptions options)
[xUnit.net 00:00:00.41]            at Castle.DynamicProxy.ProxyGenerator.CreateInterfaceProxyTypeWithoutTarget(Type interfaceToProxy, Type[] additionalInterfacesToProxy, ProxyGenerationOptions options)
[xUnit.net 00:00:00.41]            at Castle.DynamicProxy.ProxyGenerator.CreateInterfaceProxyWithoutTarget(Type interfaceToProxy, Type[] additionalInterfacesToProxy, ProxyGenerationOptions options, IInterceptor[] interceptors)
[xUnit.net 00:00:00.41]         /_/src/Moq/Interception/CastleProxyFactory.cs(50,0): at Moq.CastleProxyFactory.CreateProxy(Type mockType, IInterceptor interceptor, Type[] interfaces, Object[] arguments)
[xUnit.net 00:00:00.41]         /_/src/Moq/Mock`1.cs(309,0): at Moq.Mock`1.InitializeInstance()
[xUnit.net 00:00:00.41]         /_/src/Moq/Mock`1.cs(323,0): at Moq.Mock`1.OnGetObject()
[xUnit.net 00:00:00.41]         /_/src/Moq/Mock.cs(181,0): at Moq.Mock.get_Object()
[xUnit.net 00:00:00.41]         /_/src/Moq/Mock`1.cs(281,0): at Moq.Mock`1.get_Object()
[xUnit.net 00:00:00.41]         C:\Dev\AlertHub\AlertHub.Tests\Services\AlertCacheTests.cs(24,0): at AlertHub.Tests.Services.AlertCacheTests..ctor()
[xUnit.net 00:00:00.41]            at System.RuntimeType.CreateInstanceDefaultCtor(Boolean publicOnly, Boolean wrapExceptions)
  Failed AlertHub.Tests.Services.AlertCacheTests.TryAdd_ReturnsTrue_WhenAlertIsNew [1 ms]
  Error Message:
   System.ArgumentException : Can not create proxy for type Microsoft.Extensions.Logging.ILogger`1[[AlertHub.Api.Services.AlertCache, AlertHub.Api, Version=1.0.0.0, Culture=neutral, PublicKeyToken=null]] because type AlertHub.Api.Services.AlertCache is not accessible. Make it public, or internal and mark your assembly with [assembly: InternalsVisibleTo("DynamicProxyGenAssembly2, PublicKey=0024000004800000940000000602000000240000525341310004000001000100c547cac37abd99c8db225ef2f6c8a3602f3b3606cc9891605d02baa56104f4cfc0734aa39b93bf7852f7d9266654753cc297e7d2edfe0bac1cdcf9f717241550e0a7b191195b7667bb4f64bcb8e2121380fd1d9d46ad2d92d2d15605093924cceaf74c4861eff62abf69b9291ed0a340e113be11e6a7d3113e92484cf7045cc7")] attribute, because assembly Microsoft.Extensions.Logging.Abstractions is strong-named. (Parameter 'interfaceToProxy')
  Stack Trace:
     at Castle.DynamicProxy.DefaultProxyBuilder.AssertValidTypeForTarget(Type type, Type target, String paramName)
   at Castle.DynamicProxy.DefaultProxyBuilder.AssertValidTypeForTarget(Type type, Type target, String paramName)
   at Castle.DynamicProxy.DefaultProxyBuilder.AssertValidType(Type target, String paramName)
   at Castle.DynamicProxy.DefaultProxyBuilder.CreateInterfaceProxyTypeWithoutTarget(Type interfaceToProxy, Type[] additionalInterfacesToProxy, ProxyGenerationOptions options)
   at Castle.DynamicProxy.ProxyGenerator.CreateInterfaceProxyTypeWithoutTarget(Type interfaceToProxy, Type[] additionalInterfacesToProxy, ProxyGenerationOptions options)
   at Castle.DynamicProxy.ProxyGenerator.CreateInterfaceProxyWithoutTarget(Type interfaceToProxy, Type[] additionalInterfacesToProxy, ProxyGenerationOptions options, IInterceptor[] interceptors)
   at Moq.CastleProxyFactory.CreateProxy(Type mockType, IInterceptor interceptor, Type[] interfaces, Object[] arguments) in /_/src/Moq/Interception/CastleProxyFactory.cs:line 50
   at Moq.Mock`1.InitializeInstance() in /_/src/Moq/Mock`1.cs:line 309
   at Moq.Mock`1.OnGetObject() in /_/src/Moq/Mock`1.cs:line 323
   at Moq.Mock.get_Object() in /_/src/Moq/Mock.cs:line 181
   at Moq.Mock`1.get_Object() in /_/src/Moq/Mock`1.cs:line 281
   at AlertHub.Tests.Services.AlertCacheTests..ctor() in C:\Dev\AlertHub\AlertHub.Tests\Services\AlertCacheTests.cs:line 24
   at System.RuntimeType.CreateInstanceDefaultCtor(Boolean publicOnly, Boolean wrapExceptions)
  Failed AlertHub.Tests.Services.AlertCacheTests.GetAll_ReturnsActiveAlerts [1 ms]
  Error Message:
   System.ArgumentException : Can not create proxy for type Microsoft.Extensions.Logging.ILogger`1[[AlertHub.Api.Services.AlertCache, AlertHub.Api, Version=1.0.0.0, Culture=neutral, PublicKeyToken=null]] because type AlertHub.Api.Services.AlertCache is not accessible. Make it public, or internal and mark your assembly with [assembly: InternalsVisibleTo("DynamicProxyGenAssembly2, PublicKey=0024000004800000940000000602000000240000525341310004000001000100c547cac37abd99c8db225ef2f6c8a3602f3b3606cc9891605d02baa56104f4cfc0734aa39b93bf7852f7d9266654753cc297e7d2edfe0bac1cdcf9f717241550e0a7b191195b7667bb4f64bcb8e2121380fd1d9d46ad2d92d2d15605093924cceaf74c4861eff62abf69b9291ed0a340e113be11e6a7d3113e92484cf7045cc7")] attribute, because assembly Microsoft.Extensions.Logging.Abstractions is strong-named. (Parameter 'interfaceToProxy')
  Stack Trace:
     at Castle.DynamicProxy.DefaultProxyBuilder.AssertValidTypeForTarget(Type type, Type target, String paramName)
   at Castle.DynamicProxy.DefaultProxyBuilder.AssertValidTypeForTarget(Type type, Type target, String paramName)
   at Castle.DynamicProxy.DefaultProxyBuilder.AssertValidType(Type target, String paramName)
   at Castle.DynamicProxy.DefaultProxyBuilder.CreateInterfaceProxyTypeWithoutTarget(Type interfaceToProxy, Type[] additionalInterfacesToProxy, ProxyGenerationOptions options)
   at Castle.DynamicProxy.ProxyGenerator.CreateInterfaceProxyTypeWithoutTarget(Type interfaceToProxy, Type[] additionalInterfacesToProxy, ProxyGenerationOptions options)
   at Castle.DynamicProxy.ProxyGenerator.CreateInterfaceProxyWithoutTarget(Type interfaceToProxy, Type[] additionalInterfacesToProxy, ProxyGenerationOptions options, IInterceptor[] interceptors)
   at Moq.CastleProxyFactory.CreateProxy(Type mockType, IInterceptor interceptor, Type[] interfaces, Object[] arguments) in /_/src/Moq/Interception/CastleProxyFactory.cs:line 50
   at Moq.Mock`1.InitializeInstance() in /_/src/Moq/Mock`1.cs:line 309
   at Moq.Mock`1.OnGetObject() in /_/src/Moq/Mock`1.cs:line 323
   at Moq.Mock.get_Object() in /_/src/Moq/Mock.cs:line 181
   at Moq.Mock`1.get_Object() in /_/src/Moq/Mock`1.cs:line 281
   at AlertHub.Tests.Services.AlertCacheTests..ctor() in C:\Dev\AlertHub\AlertHub.Tests\Services\AlertCacheTests.cs:line 24
   at System.RuntimeType.CreateInstanceDefaultCtor(Boolean publicOnly, Boolean wrapExceptions)
  Failed AlertHub.Tests.Services.AlertCacheTests.TryAdd_ReturnsFalse_WhenAlertAlreadyExists [1 ms]
  Error Message:
   System.ArgumentException : Can not create proxy for type Microsoft.Extensions.Logging.ILogger`1[[AlertHub.Api.Services.AlertCache, AlertHub.Api, Version=1.0.0.0, Culture=neutral, PublicKeyToken=null]] because type AlertHub.Api.Services.AlertCache is not accessible. Make it public, or internal and mark your assembly with [assembly: InternalsVisibleTo("DynamicProxyGenAssembly2, PublicKey=0024000004800000940000000602000000240000525341310004000001000100c547cac37abd99c8db225ef2f6c8a3602f3b3606cc9891605d02baa56104f4cfc0734aa39b93bf7852f7d9266654753cc297e7d2edfe0bac1cdcf9f717241550e0a7b191195b7667bb4f64bcb8e2121380fd1d9d46ad2d92d2d15605093924cceaf74c4861eff62abf69b9291ed0a340e113be11e6a7d3113e92484cf7045cc7")] attribute, because assembly Microsoft.Extensions.Logging.Abstractions is strong-named. (Parameter 'interfaceToProxy')
  Stack Trace:
     at Castle.DynamicProxy.DefaultProxyBuilder.AssertValidTypeForTarget(Type type, Type target, String paramName)
   at Castle.DynamicProxy.DefaultProxyBuilder.AssertValidTypeForTarget(Type type, Type target, String paramName)
   at Castle.DynamicProxy.DefaultProxyBuilder.AssertValidType(Type target, String paramName)
   at Castle.DynamicProxy.DefaultProxyBuilder.CreateInterfaceProxyTypeWithoutTarget(Type interfaceToProxy, Type[] additionalInterfacesToProxy, ProxyGenerationOptions options)
   at Castle.DynamicProxy.ProxyGenerator.CreateInterfaceProxyTypeWithoutTarget(Type interfaceToProxy, Type[] additionalInterfacesToProxy, ProxyGenerationOptions options)
   at Castle.DynamicProxy.ProxyGenerator.CreateInterfaceProxyWithoutTarget(Type interfaceToProxy, Type[] additionalInterfacesToProxy, ProxyGenerationOptions options, IInterceptor[] interceptors)
   at Moq.CastleProxyFactory.CreateProxy(Type mockType, IInterceptor interceptor, Type[] interfaces, Object[] arguments) in /_/src/Moq/Interception/CastleProxyFactory.cs:line 50
   at Moq.Mock`1.InitializeInstance() in /_/src/Moq/Mock`1.cs:line 309
   at Moq.Mock`1.OnGetObject() in /_/src/Moq/Mock`1.cs:line 323
   at Moq.Mock.get_Object() in /_/src/Moq/Mock.cs:line 181
   at Moq.Mock`1.get_Object() in /_/src/Moq/Mock`1.cs:line 281
   at AlertHub.Tests.Services.AlertCacheTests..ctor() in C:\Dev\AlertHub\AlertHub.Tests\Services\AlertCacheTests.cs:line 24
   at System.RuntimeType.CreateInstanceDefaultCtor(Boolean publicOnly, Boolean wrapExceptions)
  Passed AlertHub.Tests.Middleware.GlobalExceptionMiddlewareTests.Invoke_ShouldCallNext_WhenNoException [77 ms]
  Passed AlertHub.Tests.Functions.AlertsTests.Alerts_ReturnsCacheContents [41 ms]
  Passed AlertHub.Tests.Services.PikudPollerServiceTests.GetAlertsAsJson_ShouldReturnAlerts_WhenResponseIsValid [223 ms]
  Passed AlertHub.Tests.Services.PikudPollerServiceTests.GetAlertsAsJson_ShouldReturnEmpty_WhenResponseIsEmpty [4 ms]
  Passed AlertHub.Tests.Functions.PikudPollerTests.Run_ShouldReturnNewAlertAction_WhenCacheAddsIt [153 ms]
  Passed AlertHub.Tests.Functions.PikudPollerTests.Run_ShouldReturnPingAction_WhenPayloadEmpty [10 ms]
[xUnit.net 00:00:00.73]   Finished:    AlertHub.Tests
  Passed AlertHub.Tests.Functions.PikudPollerTests.Run_ShouldReturnPingAction_WhenCacheRejectsIt [2 ms]

Total tests: 10
     Passed: 7
     Failed: 3
 Total time: 1.7796 Seconds
